// Jest Snapshot v1, https://goo.gl/fbAQLP

exports[`should contain expected keys 1`] = `
[
  "setupFiles",
  "testEnvironment",
]
`;
