// Jest Snapshot v1, https://jestjs.io/docs/snapshot-testing

exports[`should contain expected keys 1`] = `
[
  "setupFiles",
  "setupFilesAfterEnv",
  "testEnvironment",
]
`;
